cJSON.c:94:28:cJSON_GetErrorPtr	4	static
cJSON.c:99:22:cJSON_GetStringValue	16	static
cJSON.c:109:22:cJSON_GetNumberValue	24	static
cJSON.c:124:27:cJSON_Version	16	static
cJSON.c:133:12:case_insensitive_strcmp	32	static
cJSON.c:188:23:cJSON_strdup	24	static
cJSON.c:209:20:cJSON_InitHooks	16	static
cJSON.c:241:15:cJSON_New_Item	24	static
cJSON.c:253:20:cJSON_Delete	24	static
cJSON.c:277:22:get_decimal_point	4	static
cJSON.c:305:19:parse_number	112	static
cJSON.c:382:22:cJSON_SetNumberHelper	32	static
cJSON.c:400:21:cJSON_SetValuestring	32	static
cJSON.c:439:23:ensure	24	static
cJSON.c:527:13:update_offset	32	static
cJSON.c:540:19:compare_double	64	static
cJSON.c:547:19:print_number	96	static
cJSON.c:613:17:parse_hex4	24	static
cJSON.c:650:22:utf16_literal_to_utf8	48	static
cJSON.c:771:19:parse_string	48	static
cJSON.c:900:19:print_string_ptr	40	static
cJSON.c:1022:19:print_string	16	static
cJSON.c:1036:22:buffer_skip_whitespace	16	static
cJSON.c:1062:22:skip_utf8_bom	16	static
cJSON.c:1077:23:cJSON_ParseWithOpts	32	static
cJSON.c:1093:23:cJSON_ParseWithLengthOpts	64	static
cJSON.c:1173:23:cJSON_Parse	16	static
cJSON.c:1178:23:cJSON_ParseWithLength	16	static
cJSON.c:1185:23:print	64	static
cJSON.c:1250:22:cJSON_Print	16	static
cJSON.c:1255:22:cJSON_PrintUnformatted	16	static
cJSON.c:1260:22:cJSON_PrintBuffered	64	static
cJSON.c:1290:26:cJSON_PrintPreallocated	64	static
cJSON.c:1310:19:parse_value	16	static
cJSON.c:1365:19:print_value	24	static
cJSON.c:1439:19:parse_array	32	static
cJSON.c:1537:19:print_array	32	static
cJSON.c:1599:19:parse_object	32	static
cJSON.c:1712:19:print_object	40	static
cJSON.c:1826:19:cJSON_GetArraySize	24	static
cJSON.c:1849:15:get_array_item	24	static
cJSON.c:1868:23:cJSON_GetArrayItem	16	static
cJSON.c:1878:15:get_object_item	32	static
cJSON.c:1910:23:cJSON_GetObjectItem	16	static
cJSON.c:1915:23:cJSON_GetObjectItemCaseSensitive	16	static
cJSON.c:1920:26:cJSON_HasObjectItem	16	static
cJSON.c:1926:13:suffix_object	16	static
cJSON.c:1933:15:create_reference	24	static
cJSON.c:1954:19:add_item_to_array	24	static
cJSON.c:1988:26:cJSON_AddItemToArray	16	static
cJSON.c:2000:14:cast_away_const	16	static
cJSON.c:2009:19:add_item_to_object	32	static
cJSON.c:2046:26:cJSON_AddItemToObject	32	static
cJSON.c:2052:26:cJSON_AddItemToObjectCS	32	static
cJSON.c:2057:26:cJSON_AddItemReferenceToArray	16	static
cJSON.c:2067:26:cJSON_AddItemReferenceToObject	32	static
cJSON.c:2077:22:cJSON_AddNullToObject	32	static
cJSON.c:2089:22:cJSON_AddTrueToObject	32	static
cJSON.c:2101:22:cJSON_AddFalseToObject	32	static
cJSON.c:2113:22:cJSON_AddBoolToObject	40	static
cJSON.c:2125:22:cJSON_AddNumberToObject	40	static
cJSON.c:2137:22:cJSON_AddStringToObject	40	static
cJSON.c:2149:22:cJSON_AddRawToObject	40	static
cJSON.c:2161:22:cJSON_AddObjectToObject	32	static
cJSON.c:2173:22:cJSON_AddArrayToObject	32	static
cJSON.c:2185:23:cJSON_DetachItemViaPointer	16	static
cJSON.c:2221:23:cJSON_DetachItemFromArray	16	static
cJSON.c:2231:20:cJSON_DeleteItemFromArray	16	static
cJSON.c:2236:23:cJSON_DetachItemFromObject	24	static
cJSON.c:2243:23:cJSON_DetachItemFromObjectCaseSensitive	24	static
cJSON.c:2250:20:cJSON_DeleteItemFromObject	16	static
cJSON.c:2255:20:cJSON_DeleteItemFromObjectCaseSensitive	16	static
cJSON.c:2261:26:cJSON_InsertItemInArray	32	static
cJSON.c:2290:26:cJSON_ReplaceItemViaPointer	24	static
cJSON.c:2339:26:cJSON_ReplaceItemInArray	24	static
cJSON.c:2349:19:replace_item_in_object	24	static
cJSON.c:2367:26:cJSON_ReplaceItemInObject	24	static
cJSON.c:2372:26:cJSON_ReplaceItemInObjectCaseSensitive	24	static
cJSON.c:2378:23:cJSON_CreateNull	16	static
cJSON.c:2389:23:cJSON_CreateTrue	16	static
cJSON.c:2400:23:cJSON_CreateFalse	16	static
cJSON.c:2411:23:cJSON_CreateBool	24	static
cJSON.c:2422:23:cJSON_CreateNumber	32	static
cJSON.c:2448:23:cJSON_CreateString	24	static
cJSON.c:2465:23:cJSON_CreateStringReference	24	static
cJSON.c:2477:23:cJSON_CreateObjectReference	24	static
cJSON.c:2488:23:cJSON_CreateArrayReference	24	static
cJSON.c:2498:23:cJSON_CreateRaw	24	static
cJSON.c:2515:23:cJSON_CreateArray	16	static
cJSON.c:2526:23:cJSON_CreateObject	16	static
cJSON.c:2538:23:cJSON_CreateIntArray	40	static
cJSON.c:2579:23:cJSON_CreateFloatArray	40	static
cJSON.c:2620:23:cJSON_CreateDoubleArray	40	static
cJSON.c:2661:23:cJSON_CreateStringArray	32	static
cJSON.c:2703:23:cJSON_Duplicate	40	static
cJSON.c:2786:13:skip_oneline_comment	16	static
cJSON.c:2799:13:skip_multiline_comment	16	static
cJSON.c:2813:13:minify_string	16	static
cJSON.c:2835:20:cJSON_Minify	24	static
cJSON.c:2883:26:cJSON_IsInvalid	16	static
cJSON.c:2893:26:cJSON_IsFalse	16	static
cJSON.c:2903:26:cJSON_IsTrue	16	static
cJSON.c:2914:26:cJSON_IsBool	16	static
cJSON.c:2923:26:cJSON_IsNull	16	static
cJSON.c:2933:26:cJSON_IsNumber	16	static
cJSON.c:2943:26:cJSON_IsString	16	static
cJSON.c:2953:26:cJSON_IsArray	16	static
cJSON.c:2963:26:cJSON_IsObject	16	static
cJSON.c:2973:26:cJSON_IsRaw	16	static
cJSON.c:2983:26:cJSON_Compare	48	static
cJSON.c:3108:22:cJSON_malloc	16	static
cJSON.c:3113:20:cJSON_free	16	static
